esptool v5.2.0
Serial port /dev/cu.usbserial-59470049741:
Connecting....
Connected to ESP32 on /dev/cu.usbserial-59470049741:
Chip type:          ESP32-D0WD-V3 (revision v3.1)
Features:           Wi-Fi, BT, Dual Core + LP Core, 240MHz, Vref calibration in eFuse, Coding Scheme None
Crystal frequency:  40MHz
MAC:                f4:65:0b:4a:f6:18

Uploading stub flasher...
Running stub flasher...
Traceback (most recent call last):
  File "esptool/__init__.py", line 1187, in _main
  File "esptool/__init__.py", line 1081, in main
  File "esptool/cli_util.py", line 345, in __call__
  File "rich_click/rich_command.py", line 402, in __call__
  File "click/core.py", line 1485, in __call__
  File "rich_click/rich_command.py", line 216, in main
  File "click/core.py", line 1873, in invoke
  File "click/core.py", line 1269, in invoke
  File "click/core.py", line 824, in invoke
  File "click/decorators.py", line 34, in new_func
  File "esptool/__init__.py", line 737, in write_flash_cli
  File "esptool/cmds.py", line 1425, in attach_flash
  File "esptool/loader.py", line 1070, in flash_id
  File "esptool/loader.py", line 1640, in run_spiflash_command
  File "esptool/loader.py", line 901, in read_reg
  File "esptool/loader.py", line 565, in check_command
  File "esptool/loader.py", line 495, in command
  File "esptool/loader.py", line 431, in read
StopIteration

A fatal error occurred: The chip stopped responding.
Stub flasher running.
Changing baud rate to 921600...
Changed.


Hard resetting via RTS pin...
Failed uploading: uploading error: exit status 2
