2026-04-26T01:19:39.911058+00:00  [AREA_SYNC][MATRIX][INFO][QUEUE_FETCH_HTTP_OK_EMPTY_BODY] runtimeId=matriz_fazenda_01 queueKeyLen=64 httpStatus=200 bodyLen=10 emptyKind=null bodyPrefix=4  null  0
2026-04-26T01:19:39.916641+00:00  [AREA_SYNC][MATRIX][INFO][QUEUE_EMPTY] runtimeId=matriz_fazenda_01 queueKeyLen=64
2026-04-26T01:19:39.926478+00:00  [AREA_SYNC][MATRIX][INFO][QUEUE_POLL_START] runtimeId=matriz_fazenda_01 forceDispatch=0 bindingReady=1 backhaulOpen=1
2026-04-26T01:19:44.868232+00:00  [AREA_SYNC][MATRIX][WARN][QUEUE_BODY_SANITIZED] runtimeId=matriz_fazenda_01 trimmedPrefixBytes=5 firstJsonChar={ newBodyLen=1389
2026-04-26T01:19:44.917260+00:00  [AREA_SYNC][MATRIX][INFO][QUEUE_FETCH_HTTP_OK_OBJECT] runtimeId=matriz_fazenda_01 queueKeyLen=64 httpStatus=200 bodyLen=1389 itemCount=1 firstCommandId=AUTO_AREA_FENCE:kQSjWOVdkqTNDM9WBggT:360D51D388859F00:23A00185B336A70A bodyPrefix={"command_id":"AUTO_AREA_FENCE:kQSjWOVdkqTNDM9WBggT:360D51D388859F00:23A00185B336A70A","payload":{"command":"SET_FENCE","payload":{"cmd_id":"AUTO_AREA_FENCE:kQSjWOVdkqTNDM9WBggT:360D51D388859F00:23A00185B336A70A","points...
2026-04-26T01:19:44.933995+00:00  [AREA_SYNC][MATRIX][INFO][QUEUE_ITEM_FOUND] runtimeId=matriz_fazenda_01 commandId=AUTO_AREA_FENCE:kQSjWOVdkqTNDM9WBggT:360D51D388859F00:23A00185B336A70A command=SET_FENCE propertyId=T0xeG8WQHwJRI6H3t7vr hasPayload=1
2026-04-26T01:19:44.950442+00:00  [AREA_SYNC][MATRIX][INFO][FENCE_POINTS_RESOLVED] commandId=AUTO_AREA_FENCE:kQSjWOVdkqTNDM9WBggT:360D51D388859F00:23A00185B336A70A resolvedSource=root.points pointCount=6
2026-04-26T01:19:44.967593+00:00  [AREA_SYNC][MATRIX][INFO][QUEUE_COMMAND_LOADED] commandId=AUTO_AREA_FENCE:kQSjWOVdkqTNDM9WBggT:360D51D388859F00:23A00185B336A70A areaId=kQSjWOVdkqTNDM9WBggT propertyId=T0xeG8WQHwJRI6H3t7vr scopeId=9FFFC95AA1624895 targetCount=1 pointCount=6
2026-04-26T01:19:44.989145+00:00  [AREA_SYNC][MATRIX][INFO][QUEUE_COMMAND_ACCEPTED] commandId=AUTO_AREA_FENCE:kQSjWOVdkqTNDM9WBggT:360D51D388859F00:23A00185B336A70A areaId=kQSjWOVdkqTNDM9WBggT propertyId=T0xeG8WQHwJRI6H3t7vr scopeId=9FFFC95AA1624895
2026-04-26T01:19:45.005730+00:00  [AREA_SYNC][MATRIX][INFO][DISPATCH_BEGIN] commandId=AUTO_AREA_FENCE:kQSjWOVdkqTNDM9WBggT:360D51D388859F00:23A00185B336A70A areaId=kQSjWOVdkqTNDM9WBggT propertyId=T0xeG8WQHwJRI6H3t7vr targetCount=1
2026-04-26T01:19:45.022103+00:00  [I] RPV2_PLAN_ENTER deviceId=3222380545 commandId=AUTO_AREA_FENCE:kQSjWOVdkqTNDM9WBggT:360D51D388859F00:23A00185B336A70A totalPoints=6 maxFrame=128 source=cloud_queue
2026-04-26T01:19:45.027915+00:00  [I] SET_FENCE_PROGRESS commandId=AUTO_AREA_FENCE:kQSjWOVdkqTNDM9WBggT:360D51D388 stage=planner_enter atMs=194104
2026-04-26T01:19:45.033428+00:00  [I] RPV2_PLANNER_REV rev=canonical_fence_planner_v1 gitShort=23d7f93
2026-04-26T01:19:45.066397+00:00  [I] RPV2_PLAN_CANDIDATE_EVAL deviceId=3222380545 commandId=AUTO_AREA_FENCE:kQSjWOVdkqTNDM9WBggT:360D51D388859F00:23A00185B336A70A radioCommandId=1459991615976664799 fragmentIndex=1 startPointIndex=0 endPointIndex=5 pointCount=6 plainFrameSize=72 secureWireSize=134 wireLenFinal=134 limit=128 measurementOk=1 fitsLimit=0 classification=oversize_reducible
2026-04-26T01:19:45.093951+00:00  [W] RPV2_PLAN_CHUNK_REJECT deviceId=3222380545 commandId=AUTO_AREA_FENCE:kQSjWOVdkqTNDM9WBggT:360D51D388859F00:23A00185B336A70A radioCommandId=1459991615976664799 fragmentIndex=1 startPointIndex=0 pointCount=6 reason=secure_envelope_too_large wireLenFinal=134 limit=128 classification=oversize_reducible
2026-04-26T01:19:45.121689+00:00  [I] RPV2_PLAN_CANDIDATE_EVAL deviceId=3222380545 commandId=AUTO_AREA_FENCE:kQSjWOVdkqTNDM9WBggT:360D51D388859F00:23A00185B336A70A radioCommandId=1459991615976664799 fragmentIndex=1 startPointIndex=0 endPointIndex=4 pointCount=5 plainFrameSize=64 secureWireSize=126 wireLenFinal=126 limit=128 measurementOk=1 fitsLimit=1 classification=fit
2026-04-26T01:19:45.143680+00:00  [I] RPV2_PLAN_CHUNK_FIT deviceId=3222380545 commandId=AUTO_AREA_FENCE:kQSjWOVdkqTNDM9WBggT:360D51D388859F00:23A00185B336A70A radioCommandId=1459991615976664799 fragmentIndex=1 startPointIndex=0 pointCount=5 plainFrameSize=64 wireLenFinal=126 limit=128
2026-04-26T01:19:45.171363+00:00  [I] RPV2_PLAN_CANDIDATE_EVAL deviceId=3222380545 commandId=AUTO_AREA_FENCE:kQSjWOVdkqTNDM9WBggT:360D51D388859F00:23A00185B336A70A radioCommandId=1459991615976664799 fragmentIndex=2 startPointIndex=5 endPointIndex=5 pointCount=1 plainFrameSize=32 secureWireSize=94 wireLenFinal=94 limit=128 measurementOk=1 fitsLimit=1 classification=fit
2026-04-26T01:19:45.193437+00:00  [I] RPV2_PLAN_CHUNK_FIT deviceId=3222380545 commandId=AUTO_AREA_FENCE:kQSjWOVdkqTNDM9WBggT:360D51D388859F00:23A00185B336A70A radioCommandId=1459991615976664799 fragmentIndex=2 startPointIndex=5 pointCount=1 plainFrameSize=32 wireLenFinal=94 limit=128
2026-04-26T01:19:45.210033+00:00  [I] RPV2_PLAN_FINAL deviceId=3222380545 commandId=AUTO_AREA_FENCE:kQSjWOVdkqTNDM9WBggT:360D51D388859F00:23A00185B336A70A planReady=1 chunkCount=2 totalPoints=6 minWireLen=94 maxWireLen=126 reason=-
2026-04-26T01:19:45.221076+00:00  [I] SET_FENCE_PROGRESS commandId=AUTO_AREA_FENCE:kQSjWOVdkqTNDM9WBggT:360D51D388 stage=planner_final_ready atMs=194305
2026-04-26T01:19:45.229085+00:00  [I] SET_FENCE_PROGRESS commandId=AUTO_AREA_FENCE:kQSjWOVdkqTNDM9WBggT:360D51D388 stage=paging_waiting_uplink atMs=194316
