Collecting httpx
  Using cached httpx-0.28.1-py3-none-any.whl.metadata (7.1 kB)
Collecting anyio (from httpx)
  Using cached anyio-4.13.0-py3-none-any.whl.metadata (4.5 kB)
Collecting certifi (from httpx)
  Using cached certifi-2026.4.22-py3-none-any.whl.metadata (2.5 kB)
Collecting httpcore==1.* (from httpx)
  Using cached httpcore-1.0.9-py3-none-any.whl.metadata (21 kB)
Collecting idna (from httpx)
  Using cached idna-3.13-py3-none-any.whl.metadata (8.0 kB)
Collecting h11>=0.16 (from httpcore==1.*->httpx)
  Using cached h11-0.16.0-py3-none-any.whl.metadata (8.3 kB)
Using cached httpx-0.28.1-py3-none-any.whl (73 kB)
Using cached httpcore-1.0.9-py3-none-any.whl (78 kB)
Using cached h11-0.16.0-py3-none-any.whl (37 kB)
Using cached anyio-4.13.0-py3-none-any.whl (114 kB)
Using cached idna-3.13-py3-none-any.whl (68 kB)
Using cached certifi-2026.4.22-py3-none-any.whl (135 kB)
Installing collected packages: idna, h11, certifi, httpcore, anyio, httpx

Successfully installed anyio-4.13.0 certifi-2026.4.22 h11-0.16.0 httpcore-1.0.9 httpx-0.28.1 idna-3.13

[notice] A new release of pip is available: 26.0 -> 26.0.1
[notice] To update, run: /private/tmp/ruraltech-audit-venv/bin/python -m pip install --upgrade pip
