Projeto: ruraltech10
Matrix ID (orig): matrix-ruraltech-20260228
Matrix ID (rtdb): matrix-ruraltech-20260228
Path RTDB: /matrixWriterKeys/matrix-ruraltech-20260228
Fonte local-overrides: /Users/victor/Downloads/code/ruraltech/gateway-matriz/manual_settings.local.h
Fonte fallback: /Users/victor/Downloads/code/ruraltech/gateway-matriz/manual_settings.h
[2026-02-28T16:59:47.555Z] Object "" in "firebase.json" has unknown property: {"additionalProperty":"flutter"}
(node:20495) [DEP0040] DeprecationWarning: The `punycode` module is deprecated. Please use a userland alternative instead.
(Use `node --trace-deprecation ...` to show where the warning was created)
[2026-02-28T16:59:47.562Z] > command requires scopes: ["email","openid","https://www.googleapis.com/auth/cloudplatformprojects.readonly","https://www.googleapis.com/auth/firebase","https://www.googleapis.com/auth/cloud-platform"]
[2026-02-28T16:59:47.562Z] > authorizing via signed-in user (ruraltecnologia10@gmail.com)
[2026-02-28T16:59:47.563Z] [iam] checking project ruraltech10 for permissions ["firebase.projects.get","firebasedatabase.instances.update"]
[2026-02-28T16:59:47.564Z] Checked if tokens are valid: true, expires at: 1772300320579
[2026-02-28T16:59:47.564Z] Checked if tokens are valid: true, expires at: 1772300320579
[2026-02-28T16:59:47.565Z] >>> [apiv2][query] POST https://cloudresourcemanager.googleapis.com/v1/projects/ruraltech10:testIamPermissions [none]
[2026-02-28T16:59:47.565Z] >>> [apiv2][(partial)header] POST https://cloudresourcemanager.googleapis.com/v1/projects/ruraltech10:testIamPermissions  x-goog-user-project=ruraltech10
[2026-02-28T16:59:47.565Z] >>> [apiv2][body] POST https://cloudresourcemanager.googleapis.com/v1/projects/ruraltech10:testIamPermissions {"permissions":["firebase.projects.get","firebasedatabase.instances.update"]}
[2026-02-28T16:59:48.926Z] <<< [apiv2][status] POST https://cloudresourcemanager.googleapis.com/v1/projects/ruraltech10:testIamPermissions 200
[2026-02-28T16:59:48.926Z] <<< [apiv2][body] POST https://cloudresourcemanager.googleapis.com/v1/projects/ruraltech10:testIamPermissions {"permissions":["firebase.projects.get","firebasedatabase.instances.update"]}
[2026-02-28T16:59:48.927Z] Checked if tokens are valid: true, expires at: 1772300320579
[2026-02-28T16:59:48.927Z] Checked if tokens are valid: true, expires at: 1772300320579
[2026-02-28T16:59:48.927Z] >>> [apiv2][query] GET https://firebase.googleapis.com/v1beta1/projects/ruraltech10 [none]
[2026-02-28T16:59:49.633Z] <<< [apiv2][status] GET https://firebase.googleapis.com/v1beta1/projects/ruraltech10 200
[2026-02-28T16:59:49.634Z] <<< [apiv2][body] GET https://firebase.googleapis.com/v1beta1/projects/ruraltech10 {"projectId":"ruraltech10","projectNumber":"872721218590","displayName":"ruraltech10","name":"projects/ruraltech10","resources":{"hostingSite":"ruraltech10","realtimeDatabaseInstance":"ruraltech10-default-rtdb"},"state":"ACTIVE","etag":"1_dd44f8fe-c5ac-47b6-a466-02a1992f8c80"}
[2026-02-28T16:59:49.634Z] Checked if tokens are valid: true, expires at: 1772300320579
[2026-02-28T16:59:49.634Z] Checked if tokens are valid: true, expires at: 1772300320579
[2026-02-28T16:59:49.634Z] >>> [apiv2][query] GET https://firebasedatabase.googleapis.com/v1beta/projects/ruraltech10/locations/-/instances/ruraltech10-default-rtdb [none]
[2026-02-28T16:59:51.137Z] <<< [apiv2][status] GET https://firebasedatabase.googleapis.com/v1beta/projects/ruraltech10/locations/-/instances/ruraltech10-default-rtdb 200
[2026-02-28T16:59:51.138Z] <<< [apiv2][body] GET https://firebasedatabase.googleapis.com/v1beta/projects/ruraltech10/locations/-/instances/ruraltech10-default-rtdb {"name":"projects/872721218590/locations/us-central1/instances/ruraltech10-default-rtdb","project":"projects/872721218590","databaseUrl":"https://ruraltech10-default-rtdb.firebaseio.com","type":"DEFAULT_DATABASE","state":"ACTIVE"}
[2026-02-28T16:59:51.142Z] Checked if tokens are valid: true, expires at: 1772300320579
[2026-02-28T16:59:51.143Z] Checked if tokens are valid: true, expires at: 1772300320579
[2026-02-28T16:59:51.143Z] >>> [apiv2][query] PUT https://ruraltech10-default-rtdb.firebaseio.com/matrixWriterKeys/matrix-ruraltech-20260228.json 
[2026-02-28T16:59:51.144Z] >>> [apiv2][body] PUT https://ruraltech10-default-rtdb.firebaseio.com/matrixWriterKeys/matrix-ruraltech-20260228.json [stream]
[2026-02-28T17:00:51.535Z] *** [apiv2] error from fetch(https://ruraltech10-default-rtdb.firebaseio.com/matrixWriterKeys/matrix-ruraltech-20260228.json, {"headers":{},"method":"PUT","body":{"fd":null,"path":"\"e97618d6e865f66178e5984965105305\"","flags":"r","mode":438,"end":null,"bytesRead":0,"_events":{},"_readableState":{"highWaterMark":65536,"buffer":[],"bufferIndex":0,"length":0,"pipes":[],"awaitDrainWriters":null},"_eventsCount":2}}): FetchError: request to https://ruraltech10-default-rtdb.firebaseio.com/matrixWriterKeys/matrix-ruraltech-20260228.json failed, reason: socket hang up
[2026-02-28T17:00:51.537Z] Failed to make request to https://ruraltech10-default-rtdb.firebaseio.com/matrixWriterKeys/matrix-ruraltech-20260228.json

Error: Unexpected error while setting data: Failed to make request to https://ruraltech10-default-rtdb.firebaseio.com/matrixWriterKeys/matrix-ruraltech-20260228.json
